DEBUG:root:LOGGING LEVEL: 10
DEBUG:root:LOGGING LEVEL: 10
